// Jest Snapshot v1, https://goo.gl/fbAQLP

exports[`inputComponent should be rendered correctly 1`] = `"<main><section class=\\"input-wrapper\\"><input class=\\"search-input\\" placeholder=\\"Search...\\" type=\\"search\\"></section></main>"`;
