// Jest Snapshot v1, https://goo.gl/fbAQLP

exports[`controlButton should be rendered correctly 1`] = `"<button class=\\"test-class\\" type=\\"button\\">test-inner-html</button>"`;
